[INFO] [launch]: All log files can be found below /tmp/adaptive_ros_logs_geode/2026-08-25-16-03-00-449756-DESKTOP-SNF0HF6-18
[INFO] [launch]: Default logging verbosity is set to INFO
[INFO] [adaptive_fastlio_mapping-1]: process started with pid [32]
[adaptive_fastlio_mapping-1] getifaddrs: Operation not permitted
[adaptive_fastlio_mapping-1] getifaddrs: Operation not permitted
[adaptive_fastlio_mapping-1] getifaddrs: Operation not permitted
[adaptive_fastlio_mapping-1] Multi thread started 
[adaptive_fastlio_mapping-1] [37;1m2026-08-25 16:03:00.781 [31;1m[[37;1mTRANSPORT_UDP[31;1m Error] [37mError creating socket: Operation not permitted[34;1m -> Function [36minit[m
[adaptive_fastlio_mapping-1] [37;1m2026-08-25 16:03:00.781 [31;1m[[37;1mRTPS_PARTICIPANT[31;1m Error] [37mUser transport failed to register.[34;1m -> Function [36mRTPSParticipantImpl[m
[adaptive_fastlio_mapping-1] [Config] topics lidar=/velodyne_points, imu=/imu/data; lidar_type=2, scan_line=16, point_filter=1, blind=0.5
[adaptive_fastlio_mapping-1] [Config] voxel scan/map=0.5/0.5, nearest=5, imu_init_num=100, extrinsic_est=0, local_map/delete=1/1
[adaptive_fastlio_mapping-1] [Config] adaptive_map=1, effective_min=200, effective_ratio_min=0.1, residual_max=0.15, normal_ratio_min=0.02, quality_min=0.92
[adaptive_fastlio_mapping-1] [Config] adaptive_window=1, size=20, persistent_ratio=0.6, normal_scale=1.5, residual_cv_max=0.5, min_motion=2, max_yaw=0.25, min_streak=5, condition_min=1, enter/exit=3/5, persistent_quota_scale(dir/novel)=0.5/0.5
[adaptive_fastlio_mapping-1] [Config] runtime summary_interval_frames=10, sensor_debug=1, console_enable=1, csv_enable=0
[adaptive_fastlio_mapping-1] [Config] extrinsic_T= 0.0961 -0.1338  0.3032
[adaptive_fastlio_mapping-1] Subscribe standard PointCloud2.
[adaptive_fastlio_mapping-1] Publish topics: /cloud_registered_body, /cloud_registered, /Laser_map, /ikdtree_map, /Odometry, /path, /adaptive_frontend/degeneracy_info
[adaptive_fastlio_mapping-1] Adaptive FAST-LIO2 data input initialized.
[adaptive_fastlio_mapping-1] [Sensor][PointCloud2] frame=1, time=1.69302e+09, points=21532, lidar_buffer=1, imu_buffer=20, preprocess_ms=4.96411
[adaptive_fastlio_mapping-1] [Sensor][Sync] lidar_points=21532, imu_size=20, lidar_beg=1.69302e+09, lidar_end=1.69302e+09
[adaptive_fastlio_mapping-1] [Sensor][PointCloud2] frame=2, time=1.69302e+09, points=21568, lidar_buffer=1, imu_buffer=10, preprocess_ms=2.59813
[adaptive_fastlio_mapping-1] [Sensor][Sync] lidar_points=21568, imu_size=10, lidar_beg=1.69302e+09, lidar_end=1.69302e+09
[adaptive_fastlio_mapping-1] [Sensor][PointCloud2] frame=3, time=1.69302e+09, points=21625, lidar_buffer=1, imu_buffer=10, preprocess_ms=3.91837
[adaptive_fastlio_mapping-1] [Sensor][Sync] lidar_points=21625, imu_size=11, lidar_beg=1.69302e+09, lidar_end=1.69302e+09
[adaptive_fastlio_mapping-1] [Sensor][PointCloud2] frame=4, time=1.69302e+09, points=21495, lidar_buffer=1, imu_buffer=9, preprocess_ms=2.72874
[adaptive_fastlio_mapping-1] [Sensor][Sync] lidar_points=21495, imu_size=10, lidar_beg=1.69302e+09, lidar_end=1.69302e+09
[adaptive_fastlio_mapping-1] [IMU Init] collecting: 51 / 100
[adaptive_fastlio_mapping-1] [Sensor][PointCloud2] frame=5, time=1.69302e+09, points=21533, lidar_buffer=1, imu_buffer=9, preprocess_ms=1.78305
[adaptive_fastlio_mapping-1] [Sensor][Sync] lidar_points=21533, imu_size=10, lidar_beg=1.69302e+09, lidar_end=1.69302e+09
[adaptive_fastlio_mapping-1] [Sensor][PointCloud2] frame=6, time=1.69302e+09, points=21696, lidar_buffer=1, imu_buffer=9, preprocess_ms=2.47739
[adaptive_fastlio_mapping-1] [Sensor][Sync] lidar_points=21696, imu_size=9, lidar_beg=1.69302e+09, lidar_end=1.69302e+09
[adaptive_fastlio_mapping-1] [Sensor][PointCloud2] frame=7, time=1.69302e+09, points=21517, lidar_buffer=1, imu_buffer=11, preprocess_ms=2.54264
[adaptive_fastlio_mapping-1] [Sensor][Sync] lidar_points=21517, imu_size=11, lidar_beg=1.69302e+09, lidar_end=1.69302e+09
[adaptive_fastlio_mapping-1] [Sensor][PointCloud2] frame=8, time=1.69302e+09, points=21570, lidar_buffer=1, imu_buffer=9, preprocess_ms=1.84035
[adaptive_fastlio_mapping-1] [Sensor][Sync] lidar_points=21570, imu_size=10, lidar_beg=1.69302e+09, lidar_end=1.69302e+09
[adaptive_fastlio_mapping-1] [Sensor][PointCloud2] frame=9, time=1.69302e+09, points=21732, lidar_buffer=1, imu_buffer=9, preprocess_ms=3.31167
[adaptive_fastlio_mapping-1] [Sensor][Sync] lidar_points=21732, imu_size=10, lidar_beg=1.69302e+09, lidar_end=1.69302e+09
[adaptive_fastlio_mapping-1] [IMU Init] finished. bg= 0.00588754 0.000210329  0.00309896, mean_acc= 0.183847 -0.589017   9.77401, mean_acc_norm=9.79347, grav=-0.184157  0.590011  -9.79051, acc_scale=1.00169
[adaptive_fastlio_mapping-1] [MapInit] initialized. points=5906, map_size=5906, center= 0.0961 -0.1338  0.3032
[adaptive_fastlio_mapping-1] [Sensor][PointCloud2] frame=10, time=1.69302e+09, points=21576, lidar_buffer=1, imu_buffer=9, preprocess_ms=2.42444
[adaptive_fastlio_mapping-1] [Sensor][Sync] lidar_points=21576, imu_size=9, lidar_beg=1.69302e+09, lidar_end=1.69302e+09
[adaptive_fastlio_mapping-1] [Degeneracy] frame=1, state=EXIT, effective=3765, effective_ratio=0.634479, normal_eigen_ratio=0.137566, mean_residual=0.0119229
[adaptive_fastlio_mapping-1] [DegeneracyMode] frame=1, mode=NORMAL, window_ready=N, deg_ratio=0, normal_mean=0.137566, residual_cv=0, path=0, yaw=0, cond_mean=69.666, streak=0
[adaptive_fastlio_mapping-1] [Runtime] frame=1 pos=(-0.001,0.004,0.002) points=5934 effective=3765 eff_ratio=0.634 residual(mean/median/mad)=0.012/0.002/0.002 normal_ratio=0.138 cond=69.666 degenerate=N mode=NORMAL win(deg/norm/cv/path/yaw/cond/streak)=0.000/0.138/0.000/0.000/0.000/69.666/0 add=2741 insert_ratio=0.462 reject(q/d/v)=190/0/3002 map=6243 total(add/q/d/v)=2741/190/0/3002
[adaptive_fastlio_mapping-1] [Sensor][PointCloud2] frame=11, time=1.69302e+09, points=21554, lidar_buffer=1, imu_buffer=10, preprocess_ms=2.97215
[adaptive_fastlio_mapping-1] [Sensor][Sync] lidar_points=21554, imu_size=10, lidar_beg=1.69302e+09, lidar_end=1.69302e+09
[adaptive_fastlio_mapping-1] [Sensor][PointCloud2] frame=12, time=1.69302e+09, points=21776, lidar_buffer=1, imu_buffer=10, preprocess_ms=2.21542
[adaptive_fastlio_mapping-1] [Sensor][Sync] lidar_points=21776, imu_size=10, lidar_beg=1.69302e+09, lidar_end=1.69302e+09
[adaptive_fastlio_mapping-1] [Sensor][PointCloud2] frame=13, time=1.69302e+09, points=21620, lidar_buffer=1, imu_buffer=10, preprocess_ms=2.31516
[adaptive_fastlio_mapping-1] [Sensor][Sync] lidar_points=21620, imu_size=10, lidar_beg=1.69302e+09, lidar_end=1.69302e+09
[adaptive_fastlio_mapping-1] [Sensor][PointCloud2] frame=14, time=1.69302e+09, points=21625, lidar_buffer=1, imu_buffer=10, preprocess_ms=1.72585
[adaptive_fastlio_mapping-1] [Sensor][Sync] lidar_points=21625, imu_size=11, lidar_beg=1.69302e+09, lidar_end=1.69302e+09
[adaptive_fastlio_mapping-1] [Sensor][PointCloud2] frame=15, time=1.69302e+09, points=21717, lidar_buffer=1, imu_buffer=9, preprocess_ms=2.46474
[adaptive_fastlio_mapping-1] [Sensor][Sync] lidar_points=21717, imu_size=10, lidar_beg=1.69302e+09, lidar_end=1.69302e+09
[adaptive_fastlio_mapping-1] [Sensor][PointCloud2] frame=16, time=1.69302e+09, points=21544, lidar_buffer=1, imu_buffer=9, preprocess_ms=1.55074
[adaptive_fastlio_mapping-1] [Sensor][Sync] lidar_points=21544, imu_size=10, lidar_beg=1.69302e+09, lidar_end=1.69302e+09
[adaptive_fastlio_mapping-1] [Sensor][PointCloud2] frame=17, time=1.69302e+09, points=21648, lidar_buffer=1, imu_buffer=9, preprocess_ms=2.81295
[adaptive_fastlio_mapping-1] [Sensor][Sync] lidar_points=21648, imu_size=9, lidar_beg=1.69302e+09, lidar_end=1.69302e+09
[adaptive_fastlio_mapping-1] [Sensor][PointCloud2] frame=18, time=1.69302e+09, points=21576, lidar_buffer=1, imu_buffer=10, preprocess_ms=2.02479
[adaptive_fastlio_mapping-1] [Sensor][Sync] lidar_points=21576, imu_size=11, lidar_beg=1.69302e+09, lidar_end=1.69302e+09
[adaptive_fastlio_mapping-1] [IMU] count=200 time=1.69302e+09 imu_buffer=9
[adaptive_fastlio_mapping-1] [Sensor][PointCloud2] frame=19, time=1.69302e+09, points=21582, lidar_buffer=1, imu_buffer=9, preprocess_ms=4.04607
[adaptive_fastlio_mapping-1] [Sensor][Sync] lidar_points=21582, imu_size=9, lidar_beg=1.69302e+09, lidar_end=1.69302e+09
[adaptive_fastlio_mapping-1] [Runtime] frame=10 pos=(-0.077,0.001,0.008) points=5950 effective=4353 eff_ratio=0.732 residual(mean/median/mad)=0.022/0.011/0.008 normal_ratio=0.141 cond=69.367 degenerate=N mode=NORMAL win(deg/norm/cv/path/yaw/cond/streak)=0.000/0.138/0.197/0.095/0.001/71.384/0 add=984 insert_ratio=0.165 reject(q/d/v)=168/0/4797 map=8889 total(add/q/d/v)=15467/2016/0/41879
[adaptive_fastlio_mapping-1] [Sensor][PointCloud2] frame=20, time=1.69302e+09, points=21628, lidar_buffer=1, imu_buffer=10, preprocess_ms=2.43851
[adaptive_fastlio_mapping-1] [Sensor][Sync] lidar_points=21628, imu_size=11, lidar_beg=1.69302e+09, lidar_end=1.69302e+09
[adaptive_fastlio_mapping-1] [Sensor][PointCloud2] frame=21, time=1.69302e+09, points=21563, lidar_buffer=1, imu_buffer=9, preprocess_ms=1.58281
[adaptive_fastlio_mapping-1] [Sensor][Sync] lidar_points=21563, imu_size=10, lidar_beg=1.69302e+09, lidar_end=1.69302e+09
[adaptive_fastlio_mapping-1] [Sensor][PointCloud2] frame=22, time=1.69302e+09, points=21538, lidar_buffer=1, imu_buffer=9, preprocess_ms=2.26425
[adaptive_fastlio_mapping-1] [Sensor][Sync] lidar_points=21538, imu_size=9, lidar_beg=1.69302e+09, lidar_end=1.69302e+09
[adaptive_fastlio_mapping-1] [Sensor][PointCloud2] frame=23, time=1.69302e+09, points=21723, lidar_buffer=1, imu_buffer=10, preprocess_ms=2.22294
[adaptive_fastlio_mapping-1] [Sensor][Sync] lidar_points=21723, imu_size=11, lidar_beg=1.69302e+09, lidar_end=1.69302e+09
[adaptive_fastlio_mapping-1] [Sensor][PointCloud2] frame=24, time=1.69302e+09, points=21591, lidar_buffer=1, imu_buffer=9, preprocess_ms=2.24599
[adaptive_fastlio_mapping-1] [Sensor][Sync] lidar_points=21591, imu_size=9, lidar_beg=1.69302e+09, lidar_end=1.69302e+09
[adaptive_fastlio_mapping-1] [Sensor][PointCloud2] frame=25, time=1.69302e+09, points=21643, lidar_buffer=1, imu_buffer=10, preprocess_ms=2.29696
[adaptive_fastlio_mapping-1] [Sensor][Sync] lidar_points=21643, imu_size=10, lidar_beg=1.69302e+09, lidar_end=1.69302e+09
[adaptive_fastlio_mapping-1] [Sensor][PointCloud2] frame=26, time=1.69302e+09, points=21722, lidar_buffer=1, imu_buffer=11, preprocess_ms=3.19535
[adaptive_fastlio_mapping-1] [Sensor][Sync] lidar_points=21722, imu_size=11, lidar_beg=1.69302e+09, lidar_end=1.69302e+09
[adaptive_fastlio_mapping-1] [Sensor][PointCloud2] frame=27, time=1.69302e+09, points=21589, lidar_buffer=1, imu_buffer=10, preprocess_ms=2.84736
[adaptive_fastlio_mapping-1] [Sensor][Sync] lidar_points=21589, imu_size=10, lidar_beg=1.69302e+09, lidar_end=1.69302e+09
[adaptive_fastlio_mapping-1] [Sensor][PointCloud2] frame=28, time=1.69302e+09, points=21513, lidar_buffer=1, imu_buffer=10, preprocess_ms=3.13344
[adaptive_fastlio_mapping-1] [Sensor][Sync] lidar_points=21513, imu_size=10, lidar_beg=1.69302e+09, lidar_end=1.69302e+09
[adaptive_fastlio_mapping-1] [Sensor][PointCloud2] frame=29, time=1.69302e+09, points=21600, lidar_buffer=1, imu_buffer=10, preprocess_ms=3.07674
[adaptive_fastlio_mapping-1] [Sensor][Sync] lidar_points=21600, imu_size=10, lidar_beg=1.69302e+09, lidar_end=1.69302e+09
[adaptive_fastlio_mapping-1] [Runtime] frame=20 pos=(-0.401,-0.006,-0.005) points=5868 effective=4269 eff_ratio=0.728 residual(mean/median/mad)=0.039/0.020/0.014 normal_ratio=0.111 cond=78.190 degenerate=N mode=NORMAL win(deg/norm/cv/path/yaw/cond/streak)=0.000/0.134/0.305/0.422/0.008/72.167/0 add=1785 insert_ratio=0.304 reject(q/d/v)=343/0/3735 map=12693 total(add/q/d/v)=27043/4660/0/86749
[adaptive_fastlio_mapping-1] [Sensor][PointCloud2] frame=30, time=1.69302e+09, points=21460, lidar_buffer=1, imu_buffer=10, preprocess_ms=2.51689
[adaptive_fastlio_mapping-1] [Sensor][Sync] lidar_points=21460, imu_size=10, lidar_beg=1.69302e+09, lidar_end=1.69302e+09
[adaptive_fastlio_mapping-1] [Sensor][PointCloud2] frame=31, time=1.69302e+09, points=21455, lidar_buffer=1, imu_buffer=10, preprocess_ms=3.82189
[adaptive_fastlio_mapping-1] [Sensor][Sync] lidar_points=21455, imu_size=10, lidar_beg=1.69302e+09, lidar_end=1.69302e+09
[adaptive_fastlio_mapping-1] [Sensor][PointCloud2] frame=32, time=1.69302e+09, points=21509, lidar_buffer=1, imu_buffer=10, preprocess_ms=3.6985
[adaptive_fastlio_mapping-1] [Sensor][Sync] lidar_points=21509, imu_size=10, lidar_beg=1.69302e+09, lidar_end=1.69302e+09
[adaptive_fastlio_mapping-1] [Sensor][PointCloud2] frame=33, time=1.69302e+09, points=21632, lidar_buffer=1, imu_buffer=10, preprocess_ms=2.34793
[adaptive_fastlio_mapping-1] [Sensor][Sync] lidar_points=21632, imu_size=10, lidar_beg=1.69302e+09, lidar_end=1.69302e+09
[adaptive_fastlio_mapping-1] [Sensor][PointCloud2] frame=34, time=1.69302e+09, points=21562, lidar_buffer=1, imu_buffer=10, preprocess_ms=2.93688
[adaptive_fastlio_mapping-1] [Sensor][Sync] lidar_points=21562, imu_size=10, lidar_beg=1.69302e+09, lidar_end=1.69302e+09
[adaptive_fastlio_mapping-1] [Sensor][PointCloud2] frame=35, time=1.69302e+09, points=21702, lidar_buffer=1, imu_buffer=10, preprocess_ms=2.82994
[adaptive_fastlio_mapping-1] [Sensor][Sync] lidar_points=21702, imu_size=10, lidar_beg=1.69302e+09, lidar_end=1.69302e+09
[adaptive_fastlio_mapping-1] [Sensor][PointCloud2] frame=36, time=1.69302e+09, points=21561, lidar_buffer=1, imu_buffer=9, preprocess_ms=3.13005
[adaptive_fastlio_mapping-1] [Sensor][Sync] lidar_points=21561, imu_size=10, lidar_beg=1.69302e+09, lidar_end=1.69302e+09
[adaptive_fastlio_mapping-1] [Sensor][PointCloud2] frame=37, time=1.69302e+09, points=21620, lidar_buffer=1, imu_buffer=1, preprocess_ms=3.92745
[adaptive_fastlio_mapping-1] [Sensor][Sync] lidar_points=21620, imu_size=9, lidar_beg=1.69302e+09, lidar_end=1.69302e+09
[adaptive_fastlio_mapping-1] [Sensor][PointCloud2] frame=38, time=1.69302e+09, points=21525, lidar_buffer=1, imu_buffer=10, preprocess_ms=2.43724
[adaptive_fastlio_mapping-1] [Sensor][Sync] lidar_points=21525, imu_size=11, lidar_beg=1.69302e+09, lidar_end=1.69302e+09
[adaptive_fastlio_mapping-1] [Sensor][PointCloud2] frame=39, time=1.69302e+09, points=21504, lidar_buffer=1, imu_buffer=1, preprocess_ms=4.58659
[adaptive_fastlio_mapping-1] [IMU] count=400 time=1.69302e+09 imu_buffer=9
[adaptive_fastlio_mapping-1] [Sensor][Sync] lidar_points=21504, imu_size=9, lidar_beg=1.69302e+09, lidar_end=1.69302e+09
[adaptive_fastlio_mapping-1] [Runtime] frame=30 pos=(-1.642,-0.029,0.043) points=5734 effective=3872 eff_ratio=0.675 residual(mean/median/mad)=0.055/0.035/0.024 normal_ratio=0.152 cond=67.064 degenerate=N mode=NORMAL win(deg/norm/cv/path/yaw/cond/streak)=0.000/0.128/0.303/1.562/0.031/72.969/0 add=1373 insert_ratio=0.239 reject(q/d/v)=341/0/4017 map=17779 total(add/q/d/v)=41799/7293/0/127530
[adaptive_fastlio_mapping-1] [Sensor][PointCloud2] frame=40, time=1.69302e+09, points=21649, lidar_buffer=1, imu_buffer=10, preprocess_ms=2.43034
[adaptive_fastlio_mapping-1] [Sensor][Sync] lidar_points=21649, imu_size=11, lidar_beg=1.69302e+09, lidar_end=1.69302e+09
[adaptive_fastlio_mapping-1] [Sensor][PointCloud2] frame=41, time=1.69302e+09, points=21600, lidar_buffer=1, imu_buffer=1, preprocess_ms=2.79554
[adaptive_fastlio_mapping-1] [Sensor][Sync] lidar_points=21600, imu_size=10, lidar_beg=1.69302e+09, lidar_end=1.69302e+09
[adaptive_fastlio_mapping-1] [Sensor][PointCloud2] frame=42, time=1.69302e+09, points=21655, lidar_buffer=1, imu_buffer=4, preprocess_ms=3.09309
[adaptive_fastlio_mapping-1] [Sensor][Sync] lidar_points=21655, imu_size=9, lidar_beg=1.69302e+09, lidar_end=1.69302e+09
[adaptive_fastlio_mapping-1] [Sensor][PointCloud2] frame=43, time=1.69302e+09, points=21735, lidar_buffer=1, imu_buffer=10, preprocess_ms=2.48705
[adaptive_fastlio_mapping-1] [Sensor][Sync] lidar_points=21735, imu_size=11, lidar_beg=1.69302e+09, lidar_end=1.69302e+09
[adaptive_fastlio_mapping-1] [Sensor][PointCloud2] frame=44, time=1.69302e+09, points=21668, lidar_buffer=1, imu_buffer=9, preprocess_ms=2.32669
[adaptive_fastlio_mapping-1] [Sensor][Sync] lidar_points=21668, imu_size=10, lidar_beg=1.69302e+09, lidar_end=1.69302e+09
[adaptive_fastlio_mapping-1] [Sensor][PointCloud2] frame=45, time=1.69302e+09, points=21706, lidar_buffer=1, imu_buffer=9, preprocess_ms=2.58782
[adaptive_fastlio_mapping-1] [Sensor][Sync] lidar_points=21706, imu_size=9, lidar_beg=1.69302e+09, lidar_end=1.69302e+09
[adaptive_fastlio_mapping-1] [Sensor][PointCloud2] frame=46, time=1.69302e+09, points=21964, lidar_buffer=1, imu_buffer=10, preprocess_ms=4.39173
[adaptive_fastlio_mapping-1] [Sensor][Sync] lidar_points=21964, imu_size=11, lidar_beg=1.69302e+09, lidar_end=1.69302e+09
[adaptive_fastlio_mapping-1] [Sensor][PointCloud2] frame=47, time=1.69302e+09, points=21801, lidar_buffer=1, imu_buffer=9, preprocess_ms=3.25142
[adaptive_fastlio_mapping-1] [Sensor][Sync] lidar_points=21801, imu_size=9, lidar_beg=1.69302e+09, lidar_end=1.69302e+09
[adaptive_fastlio_mapping-1] [Sensor][PointCloud2] frame=48, time=1.69302e+09, points=21860, lidar_buffer=1, imu_buffer=10, preprocess_ms=2.47547
[adaptive_fastlio_mapping-1] [Sensor][Sync] lidar_points=21860, imu_size=10, lidar_beg=1.69302e+09, lidar_end=1.69302e+09
[adaptive_fastlio_mapping-1] [Sensor][PointCloud2] frame=49, time=1.69302e+09, points=21965, lidar_buffer=1, imu_buffer=10, preprocess_ms=2.0645
[adaptive_fastlio_mapping-1] [Sensor][Sync] lidar_points=21965, imu_size=11, lidar_beg=1.69302e+09, lidar_end=1.69302e+09
[adaptive_fastlio_mapping-1] [Runtime] frame=40 pos=(-3.812,-0.135,0.108) points=5719 effective=3544 eff_ratio=0.620 residual(mean/median/mad)=0.069/0.040/0.028 normal_ratio=0.218 cond=56.377 degenerate=N mode=NORMAL win(deg/norm/cv/path/yaw/cond/streak)=0.000/0.158/0.266/3.357/0.067/66.447/0 add=1290 insert_ratio=0.226 reject(q/d/v)=371/0/4057 map=22996 total(add/q/d/v)=56400/11180/0/166380
[adaptive_fastlio_mapping-1] [Sensor][PointCloud2] frame=50, time=1.69302e+09, points=21720, lidar_buffer=1, imu_buffer=1, preprocess_ms=2.86732
[adaptive_fastlio_mapping-1] [Sensor][Sync] lidar_points=21720, imu_size=9, lidar_beg=1.69302e+09, lidar_end=1.69302e+09
[adaptive_fastlio_mapping-1] [Sensor][PointCloud2] frame=51, time=1.69302e+09, points=21829, lidar_buffer=1, imu_buffer=10, preprocess_ms=2.1348
[adaptive_fastlio_mapping-1] [Sensor][Sync] lidar_points=21829, imu_size=11, lidar_beg=1.69302e+09, lidar_end=1.69302e+09
[adaptive_fastlio_mapping-1] [Sensor][PointCloud2] frame=52, time=1.69302e+09, points=21727, lidar_buffer=1, imu_buffer=9, preprocess_ms=2.11558
[adaptive_fastlio_mapping-1] [Sensor][Sync] lidar_points=21727, imu_size=9, lidar_beg=1.69302e+09, lidar_end=1.69302e+09
[adaptive_fastlio_mapping-1] [Sensor][PointCloud2] frame=53, time=1.69302e+09, points=21758, lidar_buffer=1, imu_buffer=10, preprocess_ms=2.40974
[adaptive_fastlio_mapping-1] [Sensor][Sync] lidar_points=21758, imu_size=10, lidar_beg=1.69302e+09, lidar_end=1.69302e+09
[adaptive_fastlio_mapping-1] [Sensor][PointCloud2] frame=54, time=1.69302e+09, points=21823, lidar_buffer=1, imu_buffer=10, preprocess_ms=3.16621
[adaptive_fastlio_mapping-1] [Sensor][Sync] lidar_points=21823, imu_size=10, lidar_beg=1.69302e+09, lidar_end=1.69302e+09
[adaptive_fastlio_mapping-1] [Sensor][PointCloud2] frame=55, time=1.69302e+09, points=21846, lidar_buffer=1, imu_buffer=1, preprocess_ms=3.19505
[adaptive_fastlio_mapping-1] [Sensor][Sync] lidar_points=21846, imu_size=10, lidar_beg=1.69302e+09, lidar_end=1.69302e+09
[adaptive_fastlio_mapping-1] [Sensor][PointCloud2] frame=56, time=1.69302e+09, points=21682, lidar_buffer=1, imu_buffer=11, preprocess_ms=3.07333
[adaptive_fastlio_mapping-1] [Sensor][Sync] lidar_points=21682, imu_size=11, lidar_beg=1.69302e+09, lidar_end=1.69302e+09
[adaptive_fastlio_mapping-1] [Sensor][PointCloud2] frame=57, time=1.69302e+09, points=21826, lidar_buffer=1, imu_buffer=1, preprocess_ms=4.27211
[adaptive_fastlio_mapping-1] [Sensor][Sync] lidar_points=21826, imu_size=9, lidar_beg=1.69302e+09, lidar_end=1.69302e+09
[adaptive_fastlio_mapping-1] [Sensor][PointCloud2] frame=58, time=1.69302e+09, points=21671, lidar_buffer=1, imu_buffer=10, preprocess_ms=2.07207
[adaptive_fastlio_mapping-1] [Sensor][Sync] lidar_points=21671, imu_size=11, lidar_beg=1.69302e+09, lidar_end=1.69302e+09
[adaptive_fastlio_mapping-1] [Sensor][PointCloud2] frame=59, time=1.69302e+09, points=21626, lidar_buffer=1, imu_buffer=2, preprocess_ms=3.10875
[adaptive_fastlio_mapping-1] [IMU] count=600 time=1.69302e+09 imu_buffer=9
[adaptive_fastlio_mapping-1] [Sensor][Sync] lidar_points=21626, imu_size=9, lidar_beg=1.69302e+09, lidar_end=1.69302e+09
[adaptive_fastlio_mapping-1] [Runtime] frame=50 pos=(-6.184,-0.404,0.216) points=5475 effective=2914 eff_ratio=0.532 residual(mean/median/mad)=0.086/0.049/0.037 normal_ratio=0.366 cond=40.474 degenerate=N mode=NORMAL win(deg/norm/cv/path/yaw/cond/streak)=0.000/0.240/0.154/4.395/0.068/53.851/0 add=1341 insert_ratio=0.245 reject(q/d/v)=461/0/3670 map=28595 total(add/q/d/v)=70770/16082/0/203082
[adaptive_fastlio_mapping-1] [Sensor][PointCloud2] frame=60, time=1.69302e+09, points=21885, lidar_buffer=1, imu_buffer=10, preprocess_ms=2.18816
[adaptive_fastlio_mapping-1] [Sensor][Sync] lidar_points=21885, imu_size=11, lidar_beg=1.69302e+09, lidar_end=1.69302e+09
[adaptive_fastlio_mapping-1] [Sensor][PointCloud2] frame=61, time=1.69302e+09, points=21721, lidar_buffer=1, imu_buffer=9, preprocess_ms=2.61872
[adaptive_fastlio_mapping-1] [Sensor][Sync] lidar_points=21721, imu_size=9, lidar_beg=1.69302e+09, lidar_end=1.69302e+09
[adaptive_fastlio_mapping-1] [Sensor][PointCloud2] frame=62, time=1.69302e+09, points=21646, lidar_buffer=1, imu_buffer=10, preprocess_ms=2.28168
[adaptive_fastlio_mapping-1] [Sensor][Sync] lidar_points=21646, imu_size=10, lidar_beg=1.69302e+09, lidar_end=1.69302e+09
[adaptive_fastlio_mapping-1] [Sensor][PointCloud2] frame=63, time=1.69302e+09, points=21811, lidar_buffer=1, imu_buffer=11, preprocess_ms=1.84847
[adaptive_fastlio_mapping-1] [Sensor][Sync] lidar_points=21811, imu_size=11, lidar_beg=1.69302e+09, lidar_end=1.69302e+09
[adaptive_fastlio_mapping-1] [Sensor][PointCloud2] frame=64, time=1.69302e+09, points=21599, lidar_buffer=1, imu_buffer=9, preprocess_ms=2.28252
[adaptive_fastlio_mapping-1] [Sensor][Sync] lidar_points=21599, imu_size=9, lidar_beg=1.69302e+09, lidar_end=1.69302e+09
[adaptive_fastlio_mapping-1] [Sensor][PointCloud2] frame=65, time=1.69302e+09, points=21589, lidar_buffer=1, imu_buffer=10, preprocess_ms=1.8753
[adaptive_fastlio_mapping-1] [Sensor][Sync] lidar_points=21589, imu_size=10, lidar_beg=1.69302e+09, lidar_end=1.69302e+09
[adaptive_fastlio_mapping-1] [Sensor][PointCloud2] frame=66, time=1.69302e+09, points=21786, lidar_buffer=1, imu_buffer=11, preprocess_ms=2.14024
[adaptive_fastlio_mapping-1] [Sensor][Sync] lidar_points=21786, imu_size=11, lidar_beg=1.69302e+09, lidar_end=1.69302e+09
[adaptive_fastlio_mapping-1] [Sensor][PointCloud2] frame=67, time=1.69302e+09, points=21689, lidar_buffer=1, imu_buffer=10, preprocess_ms=1.65965
[adaptive_fastlio_mapping-1] [Sensor][Sync] lidar_points=21689, imu_size=10, lidar_beg=1.69302e+09, lidar_end=1.69302e+09
[adaptive_fastlio_mapping-1] [Sensor][PointCloud2] frame=68, time=1.69302e+09, points=21698, lidar_buffer=1, imu_buffer=10, preprocess_ms=1.61894
[adaptive_fastlio_mapping-1] [Sensor][Sync] lidar_points=21698, imu_size=10, lidar_beg=1.69302e+09, lidar_end=1.69302e+09
[adaptive_fastlio_mapping-1] [Sensor][PointCloud2] frame=69, time=1.69302e+09, points=21803, lidar_buffer=1, imu_buffer=9, preprocess_ms=2.56857
[adaptive_fastlio_mapping-1] [Sensor][Sync] lidar_points=21803, imu_size=9, lidar_beg=1.69302e+09, lidar_end=1.69302e+09
[adaptive_fastlio_mapping-1] [Runtime] frame=60 pos=(-8.376,-0.699,0.339) points=5411 effective=2724 eff_ratio=0.503 residual(mean/median/mad)=0.075/0.040/0.029 normal_ratio=0.386 cond=41.795 degenerate=N mode=NORMAL win(deg/norm/cv/path/yaw/cond/streak)=0.000/0.332/0.072/4.375/0.051/44.792/0 add=1141 insert_ratio=0.211 reject(q/d/v)=321/0/3946 map=32628 total(add/q/d/v)=82835/19692/0/242235
[adaptive_fastlio_mapping-1] [Sensor][PointCloud2] frame=70, time=1.69302e+09, points=21659, lidar_buffer=1, imu_buffer=10, preprocess_ms=1.60092
[adaptive_fastlio_mapping-1] [Sensor][Sync] lidar_points=21659, imu_size=11, lidar_beg=1.69302e+09, lidar_end=1.69302e+09
[adaptive_fastlio_mapping-1] [Sensor][PointCloud2] frame=71, time=1.69302e+09, points=21729, lidar_buffer=1, imu_buffer=9, preprocess_ms=2.21361
[adaptive_fastlio_mapping-1] [Sensor][Sync] lidar_points=21729, imu_size=9, lidar_beg=1.69302e+09, lidar_end=1.69302e+09
[adaptive_fastlio_mapping-1] [Sensor][PointCloud2] frame=72, time=1.69302e+09, points=21861, lidar_buffer=1, imu_buffer=10, preprocess_ms=1.65605
[adaptive_fastlio_mapping-1] [Sensor][Sync] lidar_points=21861, imu_size=10, lidar_beg=1.69302e+09, lidar_end=1.69302e+09
[adaptive_fastlio_mapping-1] [Sensor][PointCloud2] frame=73, time=1.69302e+09, points=21733, lidar_buffer=1, imu_buffer=10, preprocess_ms=1.68372
[adaptive_fastlio_mapping-1] [Sensor][Sync] lidar_points=21733, imu_size=10, lidar_beg=1.69302e+09, lidar_end=1.69302e+09
[adaptive_fastlio_mapping-1] [Sensor][PointCloud2] frame=74, time=1.69302e+09, points=21816, lidar_buffer=1, imu_buffer=10, preprocess_ms=3.5253
[adaptive_fastlio_mapping-1] [Sensor][Sync] lidar_points=21816, imu_size=11, lidar_beg=1.69302e+09, lidar_end=1.69302e+09
[adaptive_fastlio_mapping-1] [Sensor][PointCloud2] frame=75, time=1.69302e+09, points=21679, lidar_buffer=1, imu_buffer=10, preprocess_ms=2.47824
[adaptive_fastlio_mapping-1] [Sensor][Sync] lidar_points=21679, imu_size=10, lidar_beg=1.69302e+09, lidar_end=1.69302e+09
[adaptive_fastlio_mapping-1] [Sensor][PointCloud2] frame=76, time=1.69302e+09, points=21758, lidar_buffer=1, imu_buffer=9, preprocess_ms=1.62021
[adaptive_fastlio_mapping-1] [Sensor][Sync] lidar_points=21758, imu_size=10, lidar_beg=1.69302e+09, lidar_end=1.69302e+09
[adaptive_fastlio_mapping-1] [Sensor][PointCloud2] frame=77, time=1.69302e+09, points=21902, lidar_buffer=1, imu_buffer=9, preprocess_ms=2.32069
[adaptive_fastlio_mapping-1] [Sensor][Sync] lidar_points=21902, imu_size=9, lidar_beg=1.69302e+09, lidar_end=1.69302e+09
[adaptive_fastlio_mapping-1] [Sensor][PointCloud2] frame=78, time=1.69302e+09, points=21721, lidar_buffer=1, imu_buffer=10, preprocess_ms=1.93584
[adaptive_fastlio_mapping-1] [Sensor][Sync] lidar_points=21721, imu_size=10, lidar_beg=1.69302e+09, lidar_end=1.69302e+09
[adaptive_fastlio_mapping-1] [IMU] count=800 time=1.69302e+09 imu_buffer=10
[adaptive_fastlio_mapping-1] [Sensor][PointCloud2] frame=79, time=1.69302e+09, points=21780, lidar_buffer=1, imu_buffer=10, preprocess_ms=1.55416
[adaptive_fastlio_mapping-1] [Sensor][Sync] lidar_points=21780, imu_size=11, lidar_beg=1.69302e+09, lidar_end=1.69302e+09
[adaptive_fastlio_mapping-1] [Runtime] frame=70 pos=(-10.872,-1.067,0.475) points=5564 effective=2771 eff_ratio=0.498 residual(mean/median/mad)=0.068/0.034/0.026 normal_ratio=0.451 cond=38.837 degenerate=N mode=NORMAL win(deg/norm/cv/path/yaw/cond/streak)=0.000/0.405/0.070/4.521/0.047/40.673/0 add=1130 insert_ratio=0.203 reject(q/d/v)=275/0/4155 map=36358 total(add/q/d/v)=94473/22683/0/282831
[adaptive_fastlio_mapping-1] [Sensor][PointCloud2] frame=80, time=1.69302e+09, points=22043, lidar_buffer=1, imu_buffer=9, preprocess_ms=2.24658
[adaptive_fastlio_mapping-1] [Sensor][Sync] lidar_points=22043, imu_size=10, lidar_beg=1.69302e+09, lidar_end=1.69302e+09
[adaptive_fastlio_mapping-1] [Sensor][PointCloud2] frame=81, time=1.69302e+09, points=21958, lidar_buffer=1, imu_buffer=9, preprocess_ms=2.16643
[adaptive_fastlio_mapping-1] [Sensor][Sync] lidar_points=21958, imu_size=10, lidar_beg=1.69302e+09, lidar_end=1.69302e+09
[adaptive_fastlio_mapping-1] [Sensor][PointCloud2] frame=82, time=1.69302e+09, points=21999, lidar_buffer=1, imu_buffer=9, preprocess_ms=4.84865
[adaptive_fastlio_mapping-1] [Sensor][Sync] lidar_points=21999, imu_size=9, lidar_beg=1.69302e+09, lidar_end=1.69302e+09
[adaptive_fastlio_mapping-1] [Sensor][PointCloud2] frame=83, time=1.69302e+09, points=22135, lidar_buffer=1, imu_buffer=10, preprocess_ms=2.20831
[adaptive_fastlio_mapping-1] [Sensor][Sync] lidar_points=22135, imu_size=11, lidar_beg=1.69302e+09, lidar_end=1.69302e+09
[adaptive_fastlio_mapping-1] [Sensor][PointCloud2] frame=84, time=1.69302e+09, points=22043, lidar_buffer=1, imu_buffer=9, preprocess_ms=3.19939
[adaptive_fastlio_mapping-1] [Sensor][Sync] lidar_points=22043, imu_size=10, lidar_beg=1.69302e+09, lidar_end=1.69302e+09
[adaptive_fastlio_mapping-1] [Sensor][PointCloud2] frame=85, time=1.69302e+09, points=22105, lidar_buffer=1, imu_buffer=9, preprocess_ms=2.21181
[adaptive_fastlio_mapping-1] [Sensor][Sync] lidar_points=22105, imu_size=10, lidar_beg=1.69302e+09, lidar_end=1.69302e+09
[adaptive_fastlio_mapping-1] [Sensor][PointCloud2] frame=86, time=1.69302e+09, points=21880, lidar_buffer=1, imu_buffer=9, preprocess_ms=2.10176
[adaptive_fastlio_mapping-1] [Sensor][Sync] lidar_points=21880, imu_size=10, lidar_beg=1.69302e+09, lidar_end=1.69302e+09
[adaptive_fastlio_mapping-1] [Sensor][PointCloud2] frame=87, time=1.69302e+09, points=21895, lidar_buffer=1, imu_buffer=9, preprocess_ms=1.74129
[adaptive_fastlio_mapping-1] [Sensor][Sync] lidar_points=21895, imu_size=9, lidar_beg=1.69302e+09, lidar_end=1.69302e+09
[adaptive_fastlio_mapping-1] [Sensor][PointCloud2] frame=88, time=1.69302e+09, points=22005, lidar_buffer=1, imu_buffer=10, preprocess_ms=1.77066
[adaptive_fastlio_mapping-1] [Sensor][Sync] lidar_points=22005, imu_size=11, lidar_beg=1.69302e+09, lidar_end=1.69302e+09
[adaptive_fastlio_mapping-1] [Sensor][PointCloud2] frame=89, time=1.69302e+09, points=21969, lidar_buffer=1, imu_buffer=9, preprocess_ms=1.68902
[adaptive_fastlio_mapping-1] [Sensor][Sync] lidar_points=21969, imu_size=10, lidar_beg=1.69302e+09, lidar_end=1.69302e+09
[adaptive_fastlio_mapping-1] [Runtime] frame=80 pos=(-13.698,-1.594,0.670) points=5393 effective=2480 eff_ratio=0.460 residual(mean/median/mad)=0.064/0.035/0.026 normal_ratio=0.483 cond=34.582 degenerate=N mode=NORMAL win(deg/norm/cv/path/yaw/cond/streak)=0.000/0.453/0.026/5.175/0.052/37.614/0 add=1099 insert_ratio=0.204 reject(q/d/v)=229/0/4062 map=39928 total(add/q/d/v)=105346/25326/0/324000
[adaptive_fastlio_mapping-1] [Sensor][PointCloud2] frame=90, time=1.69302e+09, points=21934, lidar_buffer=1, imu_buffer=9, preprocess_ms=1.61332
[adaptive_fastlio_mapping-1] [Sensor][Sync] lidar_points=21934, imu_size=9, lidar_beg=1.69302e+09, lidar_end=1.69302e+09
[adaptive_fastlio_mapping-1] [Sensor][PointCloud2] frame=91, time=1.69302e+09, points=22056, lidar_buffer=1, imu_buffer=10, preprocess_ms=2.47516
[adaptive_fastlio_mapping-1] [Sensor][Sync] lidar_points=22056, imu_size=11, lidar_beg=1.69302e+09, lidar_end=1.69302e+09
[adaptive_fastlio_mapping-1] [Sensor][PointCloud2] frame=92, time=1.69302e+09, points=21966, lidar_buffer=1, imu_buffer=8, preprocess_ms=1.96414
[adaptive_fastlio_mapping-1] [Sensor][Sync] lidar_points=21966, imu_size=9, lidar_beg=1.69302e+09, lidar_end=1.69302e+09
[adaptive_fastlio_mapping-1] [Sensor][PointCloud2] frame=93, time=1.69302e+09, points=22034, lidar_buffer=1, imu_buffer=10, preprocess_ms=2.03168
[adaptive_fastlio_mapping-1] [Sensor][Sync] lidar_points=22034, imu_size=10, lidar_beg=1.69302e+09, lidar_end=1.69302e+09
[adaptive_fastlio_mapping-1] [Sensor][PointCloud2] frame=94, time=1.69302e+09, points=22187, lidar_buffer=1, imu_buffer=10, preprocess_ms=2.67597
[adaptive_fastlio_mapping-1] [Sensor][Sync] lidar_points=22187, imu_size=10, lidar_beg=1.69302e+09, lidar_end=1.69302e+09
[adaptive_fastlio_mapping-1] [Sensor][PointCloud2] frame=95, time=1.69302e+09, points=22112, lidar_buffer=1, imu_buffer=10, preprocess_ms=2.25263
[adaptive_fastlio_mapping-1] [Sensor][Sync] lidar_points=22112, imu_size=11, lidar_beg=1.69302e+09, lidar_end=1.69302e+09
[adaptive_fastlio_mapping-1] [Sensor][PointCloud2] frame=96, time=1.69302e+09, points=22153, lidar_buffer=1, imu_buffer=9, preprocess_ms=2.011
[adaptive_fastlio_mapping-1] [Sensor][Sync] lidar_points=22153, imu_size=9, lidar_beg=1.69302e+09, lidar_end=1.69302e+09
[adaptive_fastlio_mapping-1] [Sensor][PointCloud2] frame=97, time=1.69302e+09, points=22302, lidar_buffer=1, imu_buffer=10, preprocess_ms=2.28963
[adaptive_fastlio_mapping-1] [Sensor][Sync] lidar_points=22302, imu_size=11, lidar_beg=1.69302e+09, lidar_end=1.69302e+09
[adaptive_fastlio_mapping-1] [Sensor][PointCloud2] frame=98, time=1.69302e+09, points=22178, lidar_buffer=1, imu_buffer=9, preprocess_ms=1.86088
[adaptive_fastlio_mapping-1] [Sensor][Sync] lidar_points=22178, imu_size=10, lidar_beg=1.69302e+09, lidar_end=1.69302e+09
[adaptive_fastlio_mapping-1] [Sensor][PointCloud2] frame=99, time=1.69302e+09, points=22155, lidar_buffer=1, imu_buffer=6, preprocess_ms=2.07631
[adaptive_fastlio_mapping-1] [IMU] count=1000 time=1.69302e+09 imu_buffer=9
[adaptive_fastlio_mapping-1] [Sensor][Sync] lidar_points=22155, imu_size=10, lidar_beg=1.69302e+09, lidar_end=1.69302e+09
[adaptive_fastlio_mapping-1] [Runtime] frame=90 pos=(-16.892,-2.226,0.829) points=5449 effective=2402 eff_ratio=0.441 residual(mean/median/mad)=0.066/0.039/0.027 normal_ratio=0.522 cond=29.902 degenerate=N mode=NORMAL win(deg/norm/cv/path/yaw/cond/streak)=0.000/0.489/0.058/5.880/0.048/33.879/0 add=1002 insert_ratio=0.184 reject(q/d/v)=226/0/4220 map=43529 total(add/q/d/v)=116098/27758/0/365607
[adaptive_fastlio_mapping-1] [Sensor][PointCloud2] frame=100, time=1.69302e+09, points=22327, lidar_buffer=1, imu_buffer=9, preprocess_ms=3.34612
[adaptive_fastlio_mapping-1] [Sensor][Sync] lidar_points=22327, imu_size=10, lidar_beg=1.69302e+09, lidar_end=1.69302e+09
[adaptive_fastlio_mapping-1] [Sensor][PointCloud2] frame=101, time=1.69302e+09, points=22099, lidar_buffer=1, imu_buffer=9, preprocess_ms=1.76334
[adaptive_fastlio_mapping-1] [Sensor][Sync] lidar_points=22099, imu_size=9, lidar_beg=1.69302e+09, lidar_end=1.69302e+09
[adaptive_fastlio_mapping-1] [Sensor][PointCloud2] frame=102, time=1.69302e+09, points=22093, lidar_buffer=1, imu_buffer=10, preprocess_ms=1.66962
[adaptive_fastlio_mapping-1] [Sensor][Sync] lidar_points=22093, imu_size=11, lidar_beg=1.69302e+09, lidar_end=1.69302e+09
[adaptive_fastlio_mapping-1] [Sensor][PointCloud2] frame=103, time=1.69302e+09, points=22097, lidar_buffer=1, imu_buffer=19, preprocess_ms=1.99751
[adaptive_fastlio_mapping-1] [Sensor][Sync] lidar_points=22097, imu_size=20, lidar_beg=1.69302e+09, lidar_end=1.69302e+09
[adaptive_fastlio_mapping-1] [Sensor][PointCloud2] frame=104, time=1.69302e+09, points=22052, lidar_buffer=1, imu_buffer=9, preprocess_ms=1.75518
[adaptive_fastlio_mapping-1] [Sensor][Sync] lidar_points=22052, imu_size=9, lidar_beg=1.69302e+09, lidar_end=1.69302e+09
[adaptive_fastlio_mapping-1] [Sensor][PointCloud2] frame=105, time=1.69302e+09, points=22251, lidar_buffer=1, imu_buffer=9, preprocess_ms=1.60663
[adaptive_fastlio_mapping-1] [Sensor][Sync] lidar_points=22251, imu_size=10, lidar_beg=1.69302e+09, lidar_end=1.69302e+09
[adaptive_fastlio_mapping-1] [Sensor][PointCloud2] frame=106, time=1.69302e+09, points=22124, lidar_buffer=1, imu_buffer=10, preprocess_ms=2.21822
[adaptive_fastlio_mapping-1] [Sensor][Sync] lidar_points=22124, imu_size=10, lidar_beg=1.69302e+09, lidar_end=1.69302e+09
[adaptive_fastlio_mapping-1] [Sensor][PointCloud2] frame=107, time=1.69302e+09, points=22226, lidar_buffer=1, imu_buffer=10, preprocess_ms=1.73918
[adaptive_fastlio_mapping-1] [Sensor][Sync] lidar_points=22226, imu_size=10, lidar_beg=1.69302e+09, lidar_end=1.69302e+09
[adaptive_fastlio_mapping-1] [Sensor][PointCloud2] frame=108, time=1.69302e+09, points=22139, lidar_buffer=1, imu_buffer=10, preprocess_ms=1.65092
[adaptive_fastlio_mapping-1] [Sensor][Sync] lidar_points=22139, imu_size=11, lidar_beg=1.69302e+09, lidar_end=1.69302e+09
[adaptive_fastlio_mapping-1] [Sensor][PointCloud2] frame=109, time=1.69302e+09, points=22192, lidar_buffer=1, imu_buffer=9, preprocess_ms=2.16492
[adaptive_fastlio_mapping-1] [Sensor][Sync] lidar_points=22192, imu_size=9, lidar_beg=1.69302e+09, lidar_end=1.69302e+09
[adaptive_fastlio_mapping-1] [Runtime] frame=100 pos=(-20.926,-3.113,1.106) points=5404 effective=2252 eff_ratio=0.417 residual(mean/median/mad)=0.067/0.039/0.029 normal_ratio=0.561 cond=27.446 degenerate=N mode=NORMAL win(deg/norm/cv/path/yaw/cond/streak)=0.000/0.514/0.066/7.103/0.041/30.937/0 add=1010 insert_ratio=0.187 reject(q/d/v)=208/0/4186 map=47291 total(add/q/d/v)=127132/30320/0/406702
[adaptive_fastlio_mapping-1] [Sensor][PointCloud2] frame=110, time=1.69302e+09, points=22415, lidar_buffer=1, imu_buffer=10, preprocess_ms=2.12911
[adaptive_fastlio_mapping-1] [Sensor][Sync] lidar_points=22415, imu_size=11, lidar_beg=1.69302e+09, lidar_end=1.69302e+09
[adaptive_fastlio_mapping-1] [Sensor][PointCloud2] frame=111, time=1.69302e+09, points=22337, lidar_buffer=1, imu_buffer=9, preprocess_ms=2.31718
[adaptive_fastlio_mapping-1] [Sensor][Sync] lidar_points=22337, imu_size=10, lidar_beg=1.69302e+09, lidar_end=1.69302e+09
[adaptive_fastlio_mapping-1] [Sensor][PointCloud2] frame=112, time=1.69302e+09, points=22436, lidar_buffer=1, imu_buffer=9, preprocess_ms=1.73749
[adaptive_fastlio_mapping-1] [Sensor][Sync] lidar_points=22436, imu_size=9, lidar_beg=1.69302e+09, lidar_end=1.69302e+09
[adaptive_fastlio_mapping-1] [Sensor][PointCloud2] frame=113, time=1.69302e+09, points=22572, lidar_buffer=1, imu_buffer=10, preprocess_ms=1.48838
[adaptive_fastlio_mapping-1] [Sensor][Sync] lidar_points=22572, imu_size=11, lidar_beg=1.69302e+09, lidar_end=1.69302e+09
[adaptive_fastlio_mapping-1] [Sensor][PointCloud2] frame=114, time=1.69302e+09, points=22481, lidar_buffer=1, imu_buffer=9, preprocess_ms=1.97981
[adaptive_fastlio_mapping-1] [Sensor][Sync] lidar_points=22481, imu_size=9, lidar_beg=1.69302e+09, lidar_end=1.69302e+09
[adaptive_fastlio_mapping-1] [Sensor][PointCloud2] frame=115, time=1.69302e+09, points=22414, lidar_buffer=1, imu_buffer=10, preprocess_ms=1.97007
[adaptive_fastlio_mapping-1] [Sensor][Sync] lidar_points=22414, imu_size=10, lidar_beg=1.69302e+09, lidar_end=1.69302e+09
[adaptive_fastlio_mapping-1] [Sensor][PointCloud2] frame=116, time=1.69302e+09, points=22572, lidar_buffer=1, imu_buffer=10, preprocess_ms=1.6291
[adaptive_fastlio_mapping-1] [Sensor][Sync] lidar_points=22572, imu_size=11, lidar_beg=1.69302e+09, lidar_end=1.69302e+09
[adaptive_fastlio_mapping-1] [Sensor][PointCloud2] frame=117, time=1.69302e+09, points=22435, lidar_buffer=1, imu_buffer=9, preprocess_ms=2.37705
[adaptive_fastlio_mapping-1] [Sensor][Sync] lidar_points=22435, imu_size=10, lidar_beg=1.69302e+09, lidar_end=1.69302e+09
[adaptive_fastlio_mapping-1] [IMU] count=1200 time=1.69302e+09 imu_buffer=9
[adaptive_fastlio_mapping-1] [Sensor][PointCloud2] frame=118, time=1.69302e+09, points=22486, lidar_buffer=1, imu_buffer=9, preprocess_ms=1.90427
[adaptive_fastlio_mapping-1] [Sensor][Sync] lidar_points=22486, imu_size=9, lidar_beg=1.69302e+09, lidar_end=1.69302e+09
[adaptive_fastlio_mapping-1] [Sensor][PointCloud2] frame=119, time=1.69302e+09, points=22719, lidar_buffer=1, imu_buffer=10, preprocess_ms=1.98596
[adaptive_fastlio_mapping-1] [Sensor][Sync] lidar_points=22719, imu_size=10, lidar_beg=1.69302e+09, lidar_end=1.69302e+09
[adaptive_fastlio_mapping-1] [Runtime] frame=110 pos=(-25.043,-3.862,1.412) points=5510 effective=2181 eff_ratio=0.396 residual(mean/median/mad)=0.068/0.037/0.029 normal_ratio=0.583 cond=26.505 degenerate=N mode=NORMAL win(deg/norm/cv/path/yaw/cond/streak)=0.000/0.546/0.043/7.965/0.072/28.647/0 add=1142 insert_ratio=0.207 reject(q/d/v)=235/0/4126 map=51248 total(add/q/d/v)=138240/32910/0/447751
[adaptive_fastlio_mapping-1] [Sensor][PointCloud2] frame=120, time=1.69302e+09, points=22530, lidar_buffer=1, imu_buffer=10, preprocess_ms=2.49053
[adaptive_fastlio_mapping-1] [Sensor][Sync] lidar_points=22530, imu_size=11, lidar_beg=1.69302e+09, lidar_end=1.69302e+09
[adaptive_fastlio_mapping-1] [Sensor][PointCloud2] frame=121, time=1.69302e+09, points=22596, lidar_buffer=1, imu_buffer=9, preprocess_ms=2.52126
[adaptive_fastlio_mapping-1] [Sensor][Sync] lidar_points=22596, imu_size=9, lidar_beg=1.69302e+09, lidar_end=1.69302e+09
[adaptive_fastlio_mapping-1] [Sensor][PointCloud2] frame=122, time=1.69302e+09, points=22658, lidar_buffer=1, imu_buffer=20, preprocess_ms=3.36319
[adaptive_fastlio_mapping-1] [Sensor][Sync] lidar_points=22658, imu_size=21, lidar_beg=1.69302e+09, lidar_end=1.69302e+09
[adaptive_fastlio_mapping-1] [Sensor][PointCloud2] frame=123, time=1.69302e+09, points=22762, lidar_buffer=1, imu_buffer=9, preprocess_ms=1.97589
[adaptive_fastlio_mapping-1] [Sensor][Sync] lidar_points=22762, imu_size=10, lidar_beg=1.69302e+09, lidar_end=1.69302e+09
[adaptive_fastlio_mapping-1] [Sensor][PointCloud2] frame=124, time=1.69302e+09, points=22884, lidar_buffer=1, imu_buffer=1, preprocess_ms=2.16344
[adaptive_fastlio_mapping-1] [Sensor][Sync] lidar_points=22884, imu_size=10, lidar_beg=1.69302e+09, lidar_end=1.69302e+09
[adaptive_fastlio_mapping-1] [Sensor][PointCloud2] frame=125, time=1.69302e+09, points=22813, lidar_buffer=1, imu_buffer=9, preprocess_ms=1.54507
[adaptive_fastlio_mapping-1] [Sensor][Sync] lidar_points=22813, imu_size=9, lidar_beg=1.69302e+09, lidar_end=1.69302e+09
[adaptive_fastlio_mapping-1] [Sensor][PointCloud2] frame=126, time=1.69302e+09, points=22883, lidar_buffer=1, imu_buffer=10, preprocess_ms=2.15888
[adaptive_fastlio_mapping-1] [Sensor][Sync] lidar_points=22883, imu_size=11, lidar_beg=1.69302e+09, lidar_end=1.69302e+09
[adaptive_fastlio_mapping-1] [Sensor][PointCloud2] frame=127, time=1.69302e+09, points=22780, lidar_buffer=1, imu_buffer=9, preprocess_ms=1.75105
[adaptive_fastlio_mapping-1] [Sensor][Sync] lidar_points=22780, imu_size=10, lidar_beg=1.69302e+09, lidar_end=1.69302e+09
[adaptive_fastlio_mapping-1] [Sensor][PointCloud2] frame=128, time=1.69302e+09, points=22736, lidar_buffer=1, imu_buffer=9, preprocess_ms=1.81558
[adaptive_fastlio_mapping-1] [Sensor][Sync] lidar_points=22736, imu_size=9, lidar_beg=1.69302e+09, lidar_end=1.69302e+09
[adaptive_fastlio_mapping-1] [Sensor][PointCloud2] frame=129, time=1.69302e+09, points=22956, lidar_buffer=1, imu_buffer=10, preprocess_ms=1.89102
[adaptive_fastlio_mapping-1] [Sensor][Sync] lidar_points=22956, imu_size=11, lidar_beg=1.69302e+09, lidar_end=1.69302e+09
[adaptive_fastlio_mapping-1] [Runtime] frame=120 pos=(-30.013,-4.490,1.731) points=5634 effective=2156 eff_ratio=0.383 residual(mean/median/mad)=0.065/0.036/0.028 normal_ratio=0.597 cond=24.416 degenerate=N mode=NORMAL win(deg/norm/cv/path/yaw/cond/streak)=0.000/0.593/0.055/8.827/0.108/26.240/0 add=1226 insert_ratio=0.218 reject(q/d/v)=211/0/4197 map=55390 total(add/q/d/v)=149542/35055/0/489567
[adaptive_fastlio_mapping-1] [Sensor][PointCloud2] frame=130, time=1.69302e+09, points=22850, lidar_buffer=1, imu_buffer=9, preprocess_ms=1.64647
[adaptive_fastlio_mapping-1] [Sensor][Sync] lidar_points=22850, imu_size=10, lidar_beg=1.69302e+09, lidar_end=1.69302e+09
[adaptive_fastlio_mapping-1] [Sensor][PointCloud2] frame=131, time=1.69302e+09, points=22871, lidar_buffer=1, imu_buffer=9, preprocess_ms=1.79502
[adaptive_fastlio_mapping-1] [Sensor][Sync] lidar_points=22871, imu_size=9, lidar_beg=1.69302e+09, lidar_end=1.69302e+09
[adaptive_fastlio_mapping-1] [Sensor][PointCloud2] frame=132, time=1.69302e+09, points=23085, lidar_buffer=1, imu_buffer=10, preprocess_ms=1.39832
[adaptive_fastlio_mapping-1] [Sensor][Sync] lidar_points=23085, imu_size=10, lidar_beg=1.69302e+09, lidar_end=1.69302e+09
[adaptive_fastlio_mapping-1] [Sensor][PointCloud2] frame=133, time=1.69302e+09, points=22966, lidar_buffer=1, imu_buffer=10, preprocess_ms=1.56753
[adaptive_fastlio_mapping-1] [Sensor][Sync] lidar_points=22966, imu_size=11, lidar_beg=1.69302e+09, lidar_end=1.69302e+09
[adaptive_fastlio_mapping-1] [Sensor][PointCloud2] frame=134, time=1.69302e+09, points=22957, lidar_buffer=1, imu_buffer=9, preprocess_ms=2.03745
[adaptive_fastlio_mapping-1] [Sensor][Sync] lidar_points=22957, imu_size=9, lidar_beg=1.69302e+09, lidar_end=1.69302e+09
[adaptive_fastlio_mapping-1] [Sensor][PointCloud2] frame=135, time=1.69302e+09, points=23089, lidar_buffer=1, imu_buffer=10, preprocess_ms=2.71452
[adaptive_fastlio_mapping-1] [Sensor][Sync] lidar_points=23089, imu_size=11, lidar_beg=1.69302e+09, lidar_end=1.69302e+09
[adaptive_fastlio_mapping-1] [Sensor][PointCloud2] frame=136, time=1.69302e+09, points=22981, lidar_buffer=1, imu_buffer=9, preprocess_ms=1.54221
[adaptive_fastlio_mapping-1] [Sensor][Sync] lidar_points=22981, imu_size=10, lidar_beg=1.69302e+09, lidar_end=1.69302e+09
[adaptive_fastlio_mapping-1] [IMU] count=1400 time=1.69302e+09 imu_buffer=9
[adaptive_fastlio_mapping-1] [Sensor][PointCloud2] frame=137, time=1.69302e+09, points=23162, lidar_buffer=1, imu_buffer=19, preprocess_ms=1.74374
[adaptive_fastlio_mapping-1] [Sensor][Sync] lidar_points=23162, imu_size=19, lidar_beg=1.69302e+09, lidar_end=1.69302e+09
[adaptive_fastlio_mapping-1] [Sensor][PointCloud2] frame=138, time=1.69302e+09, points=23042, lidar_buffer=1, imu_buffer=10, preprocess_ms=1.57792
[adaptive_fastlio_mapping-1] [Sensor][Sync] lidar_points=23042, imu_size=10, lidar_beg=1.69302e+09, lidar_end=1.69302e+09
[adaptive_fastlio_mapping-1] [Sensor][PointCloud2] frame=139, time=1.69302e+09, points=23121, lidar_buffer=1, imu_buffer=10, preprocess_ms=2.95462
[adaptive_fastlio_mapping-1] [Sensor][Sync] lidar_points=23121, imu_size=10, lidar_beg=1.69302e+09, lidar_end=1.69302e+09
[adaptive_fastlio_mapping-1] [Runtime] frame=130 pos=(-35.472,-4.825,2.137) points=5826 effective=2058 eff_ratio=0.353 residual(mean/median/mad)=0.078/0.048/0.038 normal_ratio=0.628 cond=23.669 degenerate=N mode=NORMAL win(deg/norm/cv/path/yaw/cond/streak)=0.000/0.612/0.089/10.077/0.106/24.362/0 add=1421 insert_ratio=0.244 reject(q/d/v)=282/0/4123 map=60601 total(add/q/d/v)=163026/37779/0/530039
[adaptive_fastlio_mapping-1] [Sensor][PointCloud2] frame=140, time=1.69302e+09, points=23326, lidar_buffer=1, imu_buffer=10, preprocess_ms=1.81558
[adaptive_fastlio_mapping-1] [Sensor][Sync] lidar_points=23326, imu_size=10, lidar_beg=1.69302e+09, lidar_end=1.69302e+09
[adaptive_fastlio_mapping-1] [Sensor][PointCloud2] frame=141, time=1.69302e+09, points=23236, lidar_buffer=1, imu_buffer=10, preprocess_ms=2.02808
[adaptive_fastlio_mapping-1] [Sensor][Sync] lidar_points=23236, imu_size=11, lidar_beg=1.69302e+09, lidar_end=1.69302e+09
[adaptive_fastlio_mapping-1] [Sensor][PointCloud2] frame=142, time=1.69302e+09, points=23144, lidar_buffer=1, imu_buffer=1, preprocess_ms=3.06484
[adaptive_fastlio_mapping-1] [Sensor][Sync] lidar_points=23144, imu_size=9, lidar_beg=1.69302e+09, lidar_end=1.69302e+09
[adaptive_fastlio_mapping-1] [Sensor][PointCloud2] frame=143, time=1.69302e+09, points=23370, lidar_buffer=1, imu_buffer=1, preprocess_ms=3.33948
[adaptive_fastlio_mapping-1] [Sensor][Sync] lidar_points=23370, imu_size=11, lidar_beg=1.69302e+09, lidar_end=1.69302e+09
[adaptive_fastlio_mapping-1] [Sensor][PointCloud2] frame=144, time=1.69302e+09, points=23190, lidar_buffer=1, imu_buffer=1, preprocess_ms=2.27729
[adaptive_fastlio_mapping-1] [Sensor][Sync] lidar_points=23190, imu_size=9, lidar_beg=1.69302e+09, lidar_end=1.69302e+09
[adaptive_fastlio_mapping-1] [Sensor][PointCloud2] frame=145, time=1.69302e+09, points=23208, lidar_buffer=1, imu_buffer=1, preprocess_ms=2.96503
[adaptive_fastlio_mapping-1] [Sensor][Sync] lidar_points=23208, imu_size=10, lidar_beg=1.69302e+09, lidar_end=1.69302e+09
[adaptive_fastlio_mapping-1] [Sensor][PointCloud2] frame=146, time=1.69302e+09, points=23206, lidar_buffer=1, imu_buffer=3, preprocess_ms=2.38583
[adaptive_fastlio_mapping-1] [Sensor][Sync] lidar_points=23206, imu_size=10, lidar_beg=1.69302e+09, lidar_end=1.69302e+09
[adaptive_fastlio_mapping-1] [Sensor][PointCloud2] frame=147, time=1.69302e+09, points=23141, lidar_buffer=1, imu_buffer=10, preprocess_ms=2.13885
[adaptive_fastlio_mapping-1] [Sensor][Sync] lidar_points=23141, imu_size=10, lidar_beg=1.69302e+09, lidar_end=1.69302e+09
[adaptive_fastlio_mapping-1] [Sensor][PointCloud2] frame=148, time=1.69302e+09, points=23358, lidar_buffer=1, imu_buffer=10, preprocess_ms=3.3348
[adaptive_fastlio_mapping-1] [Sensor][Sync] lidar_points=23358, imu_size=10, lidar_beg=1.69302e+09, lidar_end=1.69302e+09
[adaptive_fastlio_mapping-1] [Sensor][PointCloud2] frame=149, time=1.69302e+09, points=23177, lidar_buffer=1, imu_buffer=1, preprocess_ms=1.99052
[adaptive_fastlio_mapping-1] [Sensor][Sync] lidar_points=23177, imu_size=10, lidar_beg=1.69302e+09, lidar_end=1.69302e+09
[adaptive_fastlio_mapping-1] [Runtime] frame=140 pos=(-40.803,-4.982,2.624) points=5844 effective=1898 eff_ratio=0.325 residual(mean/median/mad)=0.071/0.040/0.031 normal_ratio=0.742 cond=24.298 degenerate=N mode=NORMAL win(deg/norm/cv/path/yaw/cond/streak)=0.000/0.653/0.076/10.362/0.063/23.666/0 add=1358 insert_ratio=0.232 reject(q/d/v)=235/0/4251 map=66163 total(add/q/d/v)=177687/40616/0/570693
[adaptive_fastlio_mapping-1] [Sensor][PointCloud2] frame=150, time=1.69302e+09, points=23211, lidar_buffer=1, imu_buffer=10, preprocess_ms=2.00052
[adaptive_fastlio_mapping-1] [Sensor][Sync] lidar_points=23211, imu_size=10, lidar_beg=1.69302e+09, lidar_end=1.69302e+09
[adaptive_fastlio_mapping-1] [Sensor][PointCloud2] frame=151, time=1.69302e+09, points=23298, lidar_buffer=1, imu_buffer=10, preprocess_ms=1.90337
[adaptive_fastlio_mapping-1] [Sensor][Sync] lidar_points=23298, imu_size=10, lidar_beg=1.69302e+09, lidar_end=1.69302e+09
[adaptive_fastlio_mapping-1] [Sensor][PointCloud2] frame=152, time=1.69302e+09, points=23169, lidar_buffer=1, imu_buffer=10, preprocess_ms=1.85899
[adaptive_fastlio_mapping-1] [Sensor][Sync] lidar_points=23169, imu_size=10, lidar_beg=1.69302e+09, lidar_end=1.69302e+09
[adaptive_fastlio_mapping-1] [Sensor][PointCloud2] frame=153, time=1.69302e+09, points=23418, lidar_buffer=1, imu_buffer=10, preprocess_ms=1.65873
[adaptive_fastlio_mapping-1] [Sensor][Sync] lidar_points=23418, imu_size=11, lidar_beg=1.69302e+09, lidar_end=1.69302e+09
[adaptive_fastlio_mapping-1] [Sensor][PointCloud2] frame=154, time=1.69302e+09, points=23214, lidar_buffer=1, imu_buffer=9, preprocess_ms=1.97413
[adaptive_fastlio_mapping-1] [Sensor][Sync] lidar_points=23214, imu_size=10, lidar_beg=1.69302e+09, lidar_end=1.69302e+09
[adaptive_fastlio_mapping-1] [Sensor][PointCloud2] frame=155, time=1.69302e+09, points=23236, lidar_buffer=1, imu_buffer=9, preprocess_ms=2.05043
[adaptive_fastlio_mapping-1] [Sensor][Sync] lidar_points=23236, imu_size=9, lidar_beg=1.69302e+09, lidar_end=1.69302e+09
[adaptive_fastlio_mapping-1] [IMU] count=1600 time=1.69302e+09 imu_buffer=10
[adaptive_fastlio_mapping-1] [Sensor][PointCloud2] frame=156, time=1.69302e+09, points=23253, lidar_buffer=1, imu_buffer=10, preprocess_ms=2.08427
[adaptive_fastlio_mapping-1] [Sensor][Sync] lidar_points=23253, imu_size=10, lidar_beg=1.69302e+09, lidar_end=1.69302e+09
[adaptive_fastlio_mapping-1] [Sensor][PointCloud2] frame=157, time=1.69302e+09, points=23511, lidar_buffer=1, imu_buffer=10, preprocess_ms=2.14034
[adaptive_fastlio_mapping-1] [Sensor][Sync] lidar_points=23511, imu_size=10, lidar_beg=1.69302e+09, lidar_end=1.69302e+09
[adaptive_fastlio_mapping-1] [Sensor][PointCloud2] frame=158, time=1.69302e+09, points=23230, lidar_buffer=1, imu_buffer=10, preprocess_ms=2.53385
[adaptive_fastlio_mapping-1] [Sensor][Sync] lidar_points=23230, imu_size=10, lidar_beg=1.69302e+09, lidar_end=1.69302e+09
[adaptive_fastlio_mapping-1] [Sensor][PointCloud2] frame=159, time=1.69302e+09, points=23271, lidar_buffer=1, imu_buffer=1, preprocess_ms=2.32411
[adaptive_fastlio_mapping-1] [Sensor][Sync] lidar_points=23271, imu_size=10, lidar_beg=1.69302e+09, lidar_end=1.69302e+09
[adaptive_fastlio_mapping-1] [Runtime] frame=150 pos=(-46.458,-5.032,3.073) points=5934 effective=2080 eff_ratio=0.351 residual(mean/median/mad)=0.069/0.039/0.030 normal_ratio=0.615 cond=25.873 degenerate=N mode=NORMAL win(deg/norm/cv/path/yaw/cond/streak)=0.000/0.674/0.071/10.512/0.032/24.470/0 add=1423 insert_ratio=0.240 reject(q/d/v)=250/0/4261 map=71309 total(add/q/d/v)=191401/42992/0/613703
[adaptive_fastlio_mapping-1] [Sensor][PointCloud2] frame=160, time=1.69302e+09, points=23395, lidar_buffer=1, imu_buffer=3, preprocess_ms=3.96507
[adaptive_fastlio_mapping-1] [Sensor][Sync] lidar_points=23395, imu_size=11, lidar_beg=1.69302e+09, lidar_end=1.69302e+09
[adaptive_fastlio_mapping-1] [Sensor][PointCloud2] frame=161, time=1.69302e+09, points=23181, lidar_buffer=1, imu_buffer=9, preprocess_ms=1.83803
[adaptive_fastlio_mapping-1] [Sensor][Sync] lidar_points=23181, imu_size=9, lidar_beg=1.69302e+09, lidar_end=1.69302e+09
[adaptive_fastlio_mapping-1] [Sensor][PointCloud2] frame=162, time=1.69302e+09, points=23404, lidar_buffer=1, imu_buffer=10, preprocess_ms=1.75503
[adaptive_fastlio_mapping-1] [Sensor][Sync] lidar_points=23404, imu_size=10, lidar_beg=1.69302e+09, lidar_end=1.69302e+09
[adaptive_fastlio_mapping-1] [Sensor][PointCloud2] frame=163, time=1.69302e+09, points=23260, lidar_buffer=1, imu_buffer=10, preprocess_ms=1.6997
[adaptive_fastlio_mapping-1] [Sensor][Sync] lidar_points=23260, imu_size=10, lidar_beg=1.69302e+09, lidar_end=1.69302e+09
[adaptive_fastlio_mapping-1] [Sensor][PointCloud2] frame=164, time=1.69302e+09, points=23145, lidar_buffer=1, imu_buffer=10, preprocess_ms=2.21962
[adaptive_fastlio_mapping-1] [Sensor][Sync] lidar_points=23145, imu_size=10, lidar_beg=1.69302e+09, lidar_end=1.69302e+09
[adaptive_fastlio_mapping-1] [Sensor][PointCloud2] frame=165, time=1.69302e+09, points=23330, lidar_buffer=1, imu_buffer=1, preprocess_ms=3.07027
[adaptive_fastlio_mapping-1] [Sensor][Sync] lidar_points=23330, imu_size=11, lidar_beg=1.69302e+09, lidar_end=1.69302e+09
[adaptive_fastlio_mapping-1] [Sensor][PointCloud2] frame=166, time=1.69302e+09, points=23261, lidar_buffer=1, imu_buffer=2, preprocess_ms=2.79338
[adaptive_fastlio_mapping-1] [Sensor][Sync] lidar_points=23261, imu_size=9, lidar_beg=1.69302e+09, lidar_end=1.69302e+09
[adaptive_fastlio_mapping-1] [Sensor][PointCloud2] frame=167, time=1.69302e+09, points=23231, lidar_buffer=1, imu_buffer=10, preprocess_ms=3.31607
[adaptive_fastlio_mapping-1] [Sensor][Sync] lidar_points=23231, imu_size=10, lidar_beg=1.69302e+09, lidar_end=1.69302e+09
[adaptive_fastlio_mapping-1] [Sensor][PointCloud2] frame=168, time=1.69302e+09, points=23352, lidar_buffer=1, imu_buffer=10, preprocess_ms=2.09959
[adaptive_fastlio_mapping-1] [Sensor][Sync] lidar_points=23352, imu_size=11, lidar_beg=1.69302e+09, lidar_end=1.69302e+09
[adaptive_fastlio_mapping-1] [Sensor][PointCloud2] frame=169, time=1.69302e+09, points=23107, lidar_buffer=1, imu_buffer=1, preprocess_ms=2.29155
[adaptive_fastlio_mapping-1] [Sensor][Sync] lidar_points=23107, imu_size=9, lidar_beg=1.69302e+09, lidar_end=1.69302e+09
[adaptive_fastlio_mapping-1] [Runtime] frame=160 pos=(-52.392,-5.030,3.598) points=6162 effective=2163 eff_ratio=0.351 residual(mean/median/mad)=0.070/0.041/0.030 normal_ratio=0.578 cond=27.701 degenerate=N mode=NORMAL win(deg/norm/cv/path/yaw/cond/streak)=0.000/0.623/0.042/11.081/0.020/25.992/0 add=1361 insert_ratio=0.221 reject(q/d/v)=264/0/4537 map=76369 total(add/q/d/v)=205005/45469/0/658957
[adaptive_fastlio_mapping-1] [Sensor][PointCloud2] frame=170, time=1.69302e+09, points=23103, lidar_buffer=1, imu_buffer=3, preprocess_ms=2.23856
[adaptive_fastlio_mapping-1] [Sensor][Sync] lidar_points=23103, imu_size=10, lidar_beg=1.69302e+09, lidar_end=1.69302e+09
[adaptive_fastlio_mapping-1] [Sensor][PointCloud2] frame=171, time=1.69302e+09, points=23088, lidar_buffer=1, imu_buffer=20, preprocess_ms=2.66026
[adaptive_fastlio_mapping-1] [Sensor][Sync] lidar_points=23088, imu_size=21, lidar_beg=1.69302e+09, lidar_end=1.69302e+09
[adaptive_fastlio_mapping-1] [Sensor][PointCloud2] frame=172, time=1.69302e+09, points=23147, lidar_buffer=1, imu_buffer=1, preprocess_ms=4.54107
